// Jest Snapshot v1, https://goo.gl/fbAQLP

exports[`Share should match screenshot 1`] = `
<div>
  <div
    class="ThemeContext__ColoredSurface-sc-7o1m9v-0 cumPXi colored-surface"
  >
    <button
      class="circleButton__Wrapper-sc-o294s7-0 gxqiFO"
    >
      <svg
        fill="none"
        height="20"
        stroke="currentColor"
        stroke-linecap="round"
        stroke-linejoin="round"
        stroke-width="2"
        viewBox="0 0 24 24"
        width="20"
        xmlns="http://www.w3.org/2000/svg"
      >
        <path
          d="M4 12v8a2 2 0 0 0 2 2h12a2 2 0 0 0 2-2v-8"
        />
        <polyline
          points="16 6 12 2 8 6"
        />
        <line
          x1="12"
          x2="12"
          y1="2"
          y2="15"
        />
      </svg>
    </button>
  </div>
</div>
`;
